[    0.000000] Linux version 5.4.0-hw4-w4118+ (w4118@ubuntu) (gcc version 7.5.0 (Ubuntu 7.5.0-3ubuntu1~18.04)) #23 SMP Sat Mar 27 15:49:11 PDT 2021
[    0.000000] Command line: console=ttyS0,115200 nmi_watchdog=0 root=/dev/sda1
[    0.000000] x86/fpu: x87 FPU will use FXSAVE
[    0.000000] BIOS-provided physical RAM map:
[    0.000000] BIOS-e820: [mem 0x0000000000000000-0x000000000009fbff] usable
[    0.000000] BIOS-e820: [mem 0x000000000009fc00-0x000000000009ffff] reserved
[    0.000000] BIOS-e820: [mem 0x00000000000f0000-0x00000000000fffff] reserved
[    0.000000] BIOS-e820: [mem 0x0000000000100000-0x000000003ffdffff] usable
[    0.000000] BIOS-e820: [mem 0x000000003ffe0000-0x000000003fffffff] reserved
[    0.000000] BIOS-e820: [mem 0x00000000feffc000-0x00000000feffffff] reserved
[    0.000000] BIOS-e820: [mem 0x00000000fffc0000-0x00000000ffffffff] reserved
[    0.000000] NX (Execute Disable) protection: active
[    0.000000] SMBIOS 2.8 present.
[    0.000000] DMI: QEMU Standard PC (i440FX + PIIX, 1996), BIOS 1.10.2-1ubuntu1 04/01/2014
[    0.000000] Hypervisor detected: KVM
[    0.000000] kvm-clock: Using msrs 4b564d01 and 4b564d00
[    0.000003] kvm-clock: cpu 0, msr 23d1c001, primary cpu clock
[    0.000006] kvm-clock: using sched offset of 1360944175 cycles
[    0.000308] clocksource: kvm-clock: mask: 0xffffffffffffffff max_cycles: 0x1cd42e4dffb, max_idle_ns: 881590591483 ns
[    0.000567] tsc: Detected 2304.004 MHz processor
[    0.003978] last_pfn = 0x3ffe0 max_arch_pfn = 0x400000000
[    0.005198] x86/PAT: PAT not supported by CPU.
[    0.005398] x86/PAT: Configuration [0-7]: WB  WT  UC- UC  WB  WT  UC- UC  
[    0.012242] found SMP MP-table at [mem 0x000f6a90-0x000f6a9f]
[    0.013676] check: Scanning 1 areas for low memory corruption
[    0.014843] ACPI: Early table checksum verification disabled
[    0.015281] ACPI: RSDP 0x00000000000F68B0 000014 (v00 BOCHS )
[    0.015501] ACPI: RSDT 0x000000003FFE15FC 000030 (v01 BOCHS  BXPCRSDT 00000001 BXPC 00000001)
[    0.015658] ACPI: FACP 0x000000003FFE1458 000074 (v01 BOCHS  BXPCFACP 00000001 BXPC 00000001)
[    0.015759] ACPI: DSDT 0x000000003FFE0040 001418 (v01 BOCHS  BXPCDSDT 00000001 BXPC 00000001)
[    0.015766] ACPI: FACS 0x000000003FFE0000 000040
[    0.015772] ACPI: APIC 0x000000003FFE154C 000078 (v01 BOCHS  BXPCAPIC 00000001 BXPC 00000001)
[    0.015778] ACPI: HPET 0x000000003FFE15C4 000038 (v01 BOCHS  BXPCHPET 00000001 BXPC 00000001)
[    0.021601] No NUMA configuration found
[    0.021605] Faking a node at [mem 0x0000000000000000-0x000000003ffdffff]
[    0.021697] NODE_DATA(0) allocated [mem 0x3ffdc000-0x3ffdffff]
[    0.022874] Zone ranges:
[    0.022960]   DMA      [mem 0x0000000000001000-0x0000000000ffffff]
[    0.023004]   DMA32    [mem 0x0000000001000000-0x000000003ffdffff]
[    0.023008]   Normal   empty
[    0.023012] Movable zone start for each node
[    0.023016] Early memory node ranges
[    0.023020]   node   0: [mem 0x0000000000001000-0x000000000009efff]
[    0.023023]   node   0: [mem 0x0000000000100000-0x000000003ffdffff]
[    0.023437] Zeroed struct page in unavailable ranges: 98 pages
[    0.023444] Initmem setup node 0 [mem 0x0000000000001000-0x000000003ffdffff]
[    0.222732] ACPI: PM-Timer IO Port: 0x608
[    0.222844] ACPI: LAPIC_NMI (acpi_id[0xff] dfl dfl lint[0x1])
[    0.223357] IOAPIC[0]: apic_id 0, version 17, address 0xfec00000, GSI 0-23
[    0.223364] ACPI: INT_SRC_OVR (bus 0 bus_irq 0 global_irq 2 dfl dfl)
[    0.223414] ACPI: INT_SRC_OVR (bus 0 bus_irq 5 global_irq 5 high level)
[    0.223419] ACPI: INT_SRC_OVR (bus 0 bus_irq 9 global_irq 9 high level)
[    0.223511] ACPI: INT_SRC_OVR (bus 0 bus_irq 10 global_irq 10 high level)
[    0.223516] ACPI: INT_SRC_OVR (bus 0 bus_irq 11 global_irq 11 high level)
[    0.223540] Using ACPI (MADT) for SMP configuration information
[    0.223545] ACPI: HPET id: 0x8086a201 base: 0xfed00000
[    0.223667] smpboot: Allowing 1 CPUs, 0 hotplug CPUs
[    0.224097] PM: Registered nosave memory: [mem 0x00000000-0x00000fff]
[    0.224102] PM: Registered nosave memory: [mem 0x0009f000-0x0009ffff]
[    0.224105] PM: Registered nosave memory: [mem 0x000a0000-0x000effff]
[    0.224109] PM: Registered nosave memory: [mem 0x000f0000-0x000fffff]
[    0.224113] [mem 0x40000000-0xfeffbfff] available for PCI devices
[    0.224117] Booting paravirtualized kernel on KVM
[    0.224251] clocksource: refined-jiffies: mask: 0xffffffff max_cycles: 0xffffffff, max_idle_ns: 1910969940391419 ns
[    0.343331] setup_percpu: NR_CPUS:64 nr_cpumask_bits:64 nr_cpu_ids:1 nr_node_ids:1
[    0.368286] percpu: Embedded 50 pages/cpu s167448 r8192 d29160 u2097152
[    0.368597] KVM setup async PF for cpu 0
[    0.368670] kvm-stealtime: cpu 0, msr 3ea161c0
[    0.368826] Built 1 zonelists, mobility grouping on.  Total pages: 257897
[    0.368831] Policy zone: DMA32
[    0.368835] Kernel command line: console=ttyS0,115200 nmi_watchdog=0 root=/dev/sda1
[    0.384258] Dentry cache hash table entries: 131072 (order: 8, 1048576 bytes, linear)
[    0.390023] Inode-cache hash table entries: 65536 (order: 7, 524288 bytes, linear)
[    0.390392] mem auto-init: stack:off, heap alloc:off, heap free:off
[    0.392501] Memory: 999016K/1048056K available (14340K kernel code, 1338K rwdata, 4152K rodata, 1388K init, 1012K bss, 49040K reserved, 0K cma-reserved)
[    0.393735] SLUB: HWalign=64, Order=0-3, MinObjects=0, CPUs=1, Nodes=1
[    0.394048] Kernel/User page tables isolation: enabled
[    0.398931] rcu: Hierarchical RCU implementation.
[    0.398936] rcu: 	RCU event tracing is enabled.
[    0.398982] rcu: 	RCU restricting CPUs from NR_CPUS=64 to nr_cpu_ids=1.
[    0.399068] rcu: RCU calculated value of scheduler-enlistment delay is 100 jiffies.
[    0.399072] rcu: Adjusting geometry for rcu_fanout_leaf=16, nr_cpu_ids=1
[    0.405375] NR_IRQS: 4352, nr_irqs: 256, preallocated irqs: 16
[    0.408010] random: get_random_bytes called from start_kernel+0x30e/0x4e2 with crng_init=0
[    0.475461] Console: colour VGA+ 80x25
[    1.099927] printk: console [ttyS0] enabled
[    1.104933] ACPI: Core revision 20190816
[    1.111607] clocksource: hpet: mask: 0xffffffff max_cycles: 0xffffffff, max_idle_ns: 19112604467 ns
[    1.123532] APIC: Switch to symmetric I/O mode setup
[    1.143523] ..TIMER: vector=0x30 apic1=0 pin1=2 apic2=-1 pin2=-1
[    1.150747] clocksource: tsc-early: mask: 0xffffffffffffffff max_cycles: 0x2135fb8e938, max_idle_ns: 440795220508 ns
[    1.163699] Calibrating delay loop (skipped) preset value.. 4608.00 BogoMIPS (lpj=2304004)
[    1.165664] pid_max: default: 32768 minimum: 301
[    1.166890] LSM: Security Framework initializing
[    1.167966] SELinux:  Initializing.
[    1.170064] Mount-cache hash table entries: 2048 (order: 2, 16384 bytes, linear)
[    1.171820] Mountpoint-cache hash table entries: 2048 (order: 2, 16384 bytes, linear)
[    1.183969] Last level iTLB entries: 4KB 0, 2MB 0, 4MB 0
[    1.184663] Last level dTLB entries: 4KB 0, 2MB 0, 4MB 0, 1GB 0
[    1.185665] Spectre V1 : Mitigation: usercopy/swapgs barriers and __user pointer sanitization
[    1.186664] Spectre V2 : Mitigation: Full generic retpoline
[    1.187663] Spectre V2 : Spectre v2 / SpectreRSB mitigation: Filling RSB on context switch
[    1.188664] Speculative Store Bypass: Vulnerable
[    1.189766] MDS: Vulnerable: Clear CPU buffers attempted, no microcode
[    1.269239] Freeing SMP alternatives memory: 40K
[    1.385051] smpboot: CPU0: Intel QEMU Virtual CPU version 2.5+ (family: 0x6, model: 0x6, stepping: 0x3)
[    1.387663] Performance Events: PMU not available due to virtualization, using software events only.
[    1.390905] rcu: Hierarchical SRCU implementation.
[    1.393438] Inside function __setscheduler
[    1.393818] smp: Bringing up secondary CPUs ...
[    1.395660] smp: Brought up 1 node, 1 CPU
[    1.396660] smpboot: Max logical packages: 1
[    1.397660] smpboot: Total of 1 processors activated (4608.00 BogoMIPS)
[    1.401029] devtmpfs: initialized
[    1.404917] clocksource: jiffies: mask: 0xffffffff max_cycles: 0xffffffff, max_idle_ns: 1911260446275000 ns
[    1.405662] futex hash table entries: 256 (order: 2, 16384 bytes, linear)
[    1.407660] PM: RTC time: 01:27:09, date: 2021-03-28
[    1.410992] NET: Registered protocol family 16
[    1.413088] audit: initializing netlink subsys (disabled)
[    1.415932] cpuidle: using governor menu
[    1.417029] ACPI: bus type PCI registered
[    1.418876] PCI: Using configuration type 1 for base access
[    1.427692] audit: type=2000 audit(1616894829.977:1): state=initialized audit_enabled=0 res=1
[    1.430946] HugeTLB registered 2.00 MiB page size, pre-allocated 0 pages
[    1.432205] cryptomgr_test (19) used greatest stack depth: 15496 bytes left
[    1.434113] kworker/u2:0 (21) used greatest stack depth: 14584 bytes left
[    1.436306] kworker/u2:0 (26) used greatest stack depth: 14104 bytes left
[    1.443065] ACPI: Added _OSI(Module Device)
[    1.443668] ACPI: Added _OSI(Processor Device)
[    1.444660] ACPI: Added _OSI(3.0 _SCP Extensions)
[    1.445660] ACPI: Added _OSI(Processor Aggregator Device)
[    1.446660] ACPI: Added _OSI(Linux-Dell-Video)
[    1.447660] ACPI: Added _OSI(Linux-Lenovo-NV-HDMI-Audio)
[    1.448660] ACPI: Added _OSI(Linux-HPI-Hybrid-Graphics)
[    1.451952] ACPI: 1 ACPI AML tables successfully acquired and loaded
[    1.455445] ACPI: Interpreter enabled
[    1.455825] ACPI: (supports S0 S3 S4 S5)
[    1.456660] ACPI: Using IOAPIC for interrupt routing
[    1.457717] PCI: Using host bridge windows from ACPI; if necessary, use "pci=nocrs" and report a bug
[    1.459002] ACPI: Enabled 2 GPEs in block 00 to 0F
[    1.468038] ACPI: PCI Root Bridge [PCI0] (domain 0000 [bus 00-ff])
[    1.468823] acpi PNP0A03:00: _OSC: OS supports [ASPM ClockPM Segments MSI HPX-Type3]
[    1.469764] acpi PNP0A03:00: fail to add MMCONFIG information, can't access extended PCI configuration space under this bridge.
[    1.471828] PCI host bridge to bus 0000:00
[    1.472709] pci_bus 0000:00: root bus resource [io  0x0000-0x0cf7 window]
[    1.473661] pci_bus 0000:00: root bus resource [io  0x0d00-0xffff window]
[    1.475661] pci_bus 0000:00: root bus resource [mem 0x000a0000-0x000bffff window]
[    1.476661] pci_bus 0000:00: root bus resource [mem 0x40000000-0xfebfffff window]
[    1.477661] pci_bus 0000:00: root bus resource [mem 0x100000000-0x17fffffff window]
[    1.478660] pci_bus 0000:00: root bus resource [bus 00-ff]
[    1.480840] pci 0000:00:00.0: [8086:1237] type 00 class 0x060000
[    1.487831] pci 0000:00:01.0: [8086:7000] type 00 class 0x060100
[    1.496833] pci 0000:00:01.1: [8086:7010] type 00 class 0x010180
[    1.503661] pci 0000:00:01.1: reg 0x20: [io  0xc080-0xc08f]
[    1.506965] pci 0000:00:01.1: legacy IDE quirk: reg 0x10: [io  0x01f0-0x01f7]
[    1.507661] pci 0000:00:01.1: legacy IDE quirk: reg 0x14: [io  0x03f6]
[    1.508661] pci 0000:00:01.1: legacy IDE quirk: reg 0x18: [io  0x0170-0x0177]
[    1.509661] pci 0000:00:01.1: legacy IDE quirk: reg 0x1c: [io  0x0376]
[    1.512918] pci 0000:00:01.3: [8086:7113] type 00 class 0x068000
[    1.519808] pci 0000:00:01.3: quirk: [io  0x0600-0x063f] claimed by PIIX4 ACPI
[    1.520760] pci 0000:00:01.3: quirk: [io  0x0700-0x070f] claimed by PIIX4 SMB
[    1.524122] pci 0000:00:02.0: [1234:1111] type 00 class 0x030000
[    1.531649] pci 0000:00:02.0: reg 0x10: [mem 0xfd000000-0xfdffffff pref]
[    1.542515] pci 0000:00:02.0: reg 0x18: [mem 0xfebb0000-0xfebb0fff]
[    1.560556] pci 0000:00:02.0: reg 0x30: [mem 0xfeba0000-0xfebaffff pref]
[    1.576014] pci 0000:00:03.0: [8086:100e] type 00 class 0x020000
[    1.579001] pci 0000:00:03.0: reg 0x10: [mem 0xfeb80000-0xfeb9ffff]
[    1.581121] pci 0000:00:03.0: reg 0x14: [io  0xc000-0xc03f]
[    1.587661] pci 0000:00:03.0: reg 0x30: [mem 0xfeb00000-0xfeb7ffff pref]
[    1.591387] pci 0000:00:04.0: [1af4:1003] type 00 class 0x078000
[    1.595406] pci 0000:00:04.0: reg 0x10: [io  0xc040-0xc07f]
[    1.597030] pci 0000:00:04.0: reg 0x14: [mem 0xfebb1000-0xfebb1fff]
[    1.604224] pci 0000:00:04.0: reg 0x20: [mem 0xfe000000-0xfe003fff 64bit pref]
[    1.624515] ACPI: PCI Interrupt Link [LNKA] (IRQs 5 *10 11)
[    1.625298] ACPI: PCI Interrupt Link [LNKB] (IRQs 5 *10 11)
[    1.626202] ACPI: PCI Interrupt Link [LNKC] (IRQs 5 10 *11)
[    1.627128] ACPI: PCI Interrupt Link [LNKD] (IRQs 5 10 *11)
[    1.628672] ACPI: PCI Interrupt Link [LNKS] (IRQs *9)
[    1.635295] iommu: Default domain type: Translated 
[    1.639011] pci 0000:00:02.0: vgaarb: setting as boot VGA device
[    1.639649] pci 0000:00:02.0: vgaarb: VGA device added: decodes=io+mem,owns=io+mem,locks=none
[    1.639667] pci 0000:00:02.0: vgaarb: bridge control possible
[    1.640713] vgaarb: loaded
[    1.645723] SCSI subsystem initialized
[    1.651392] ACPI: bus type USB registered
[    1.652944] usbcore: registered new interface driver usbfs
[    1.653801] usbcore: registered new interface driver hub
[    1.654669] usbcore: registered new device driver usb
[    1.657129] pps_core: LinuxPPS API ver. 1 registered
[    1.657660] pps_core: Software ver. 5.3.6 - Copyright 2005-2007 Rodolfo Giometti <giometti@linux.it>
[    1.658663] PTP clock support registered
[    1.661540] EDAC MC: Ver: 3.0.0
[    1.666070] Advanced Linux Sound Architecture Driver Initialized.
[    1.666970] PCI: Using ACPI for IRQ routing
[    1.674669] NetLabel: Initializing
[    1.676660] NetLabel:  domain hash size = 128
[    1.677659] NetLabel:  protocols = UNLABELED CIPSOv4 CALIPSO
[    1.678930] NetLabel:  unlabeled traffic allowed by default
[    1.684562] hpet: 3 channels of 0 reserved for per-cpu timers
[    1.684847] hpet0: at MMIO 0xfed00000, IRQs 2, 8, 0
[    1.685662] hpet0: 3 comparators, 64-bit 100.000000 MHz counter
[    1.691411] clocksource: Switched to clocksource kvm-clock
[    1.897219] VFS: Disk quotas dquot_6.6.0
[    1.902231] VFS: Dquot-cache hash table entries: 512 (order 0, 4096 bytes)
[    1.910354] pnp: PnP ACPI init
[    1.916266] pnp: PnP ACPI: found 6 devices
[    1.929501] thermal_sys: Registered thermal governor 'step_wise'
[    1.929505] thermal_sys: Registered thermal governor 'user_space'
[    1.943955] clocksource: acpi_pm: mask: 0xffffff max_cycles: 0xffffff, max_idle_ns: 2085701024 ns
[    1.960304] pci_bus 0000:00: resource 4 [io  0x0000-0x0cf7 window]
[    1.967237] pci_bus 0000:00: resource 5 [io  0x0d00-0xffff window]
[    1.974198] pci_bus 0000:00: resource 6 [mem 0x000a0000-0x000bffff window]
[    1.981944] pci_bus 0000:00: resource 7 [mem 0x40000000-0xfebfffff window]
[    1.989866] pci_bus 0000:00: resource 8 [mem 0x100000000-0x17fffffff window]
[    1.998307] NET: Registered protocol family 2
[    2.006448] tcp_listen_portaddr_hash hash table entries: 512 (order: 1, 8192 bytes, linear)
[    2.016860] TCP established hash table entries: 8192 (order: 4, 65536 bytes, linear)
[    2.026412] TCP bind hash table entries: 8192 (order: 5, 131072 bytes, linear)
[    2.037627] TCP: Hash tables configured (established 8192 bind 8192)
[    2.048049] UDP hash table entries: 512 (order: 2, 16384 bytes, linear)
[    2.056143] UDP-Lite hash table entries: 512 (order: 2, 16384 bytes, linear)
[    2.065268] NET: Registered protocol family 1
[    2.073114] RPC: Registered named UNIX socket transport module.
[    2.079725] RPC: Registered udp transport module.
[    2.084932] RPC: Registered tcp transport module.
[    2.090932] RPC: Registered tcp NFSv4.1 backchannel transport module.
[    2.099996] pci 0000:00:01.0: PIIX3: Enabling Passive Release
[    2.106939] pci 0000:00:00.0: Limiting direct PCI/PCI transfers
[    2.113885] pci 0000:00:01.0: Activating ISA DMA hang workarounds
[    2.121409] pci 0000:00:02.0: Video device with shadowed ROM at [mem 0x000c0000-0x000dffff]
[    2.131032] PCI: CLS 0 bytes, default 64
[    2.137618] clocksource: tsc: mask: 0xffffffffffffffff max_cycles: 0x2135fb8e938, max_idle_ns: 440795220508 ns
[    2.150273] check: Scanning for low memory corruption every 60 seconds
[    2.160101] Initialise system trusted keyrings
[    2.165832] workingset: timestamp_bits=56 max_order=18 bucket_order=0
[    2.184355] NFS: Registering the id_resolver key type
[    2.191652] Key type id_resolver registered
[    2.196534] Key type id_legacy registered
[    2.214112] Key type asymmetric registered
[    2.219000] Asymmetric key parser 'x509' registered
[    2.224914] Block layer SCSI generic (bsg) driver version 0.4 loaded (major 251)
[    2.234762] io scheduler mq-deadline registered
[    2.241824] io scheduler kyber registered
[    2.249094] input: Power Button as /devices/LNXSYSTM:00/LNXPWRBN:00/input/input0
[    2.258118] ACPI: Power Button [PWRF]
[    2.263871] Serial: 8250/16550 driver, 4 ports, IRQ sharing enabled
[    2.319562] 00:05: ttyS0 at I/O 0x3f8 (irq = 4, base_baud = 115200) is a 16550A
[    2.330177] Non-volatile memory driver v1.3
[    2.335138] Linux agpgart interface v0.103
[    2.375641] loop: module loaded
[    2.386411] scsi host0: ata_piix
[    2.391537] scsi host1: ata_piix
[    2.395614] ata1: PATA max MWDMA2 cmd 0x1f0 ctl 0x3f6 bmdma 0xc080 irq 14
[    2.403328] ata2: PATA max MWDMA2 cmd 0x170 ctl 0x376 bmdma 0xc088 irq 15
[    2.411170] e100: Intel(R) PRO/100 Network Driver, 3.5.24-k2-NAPI
[    2.417864] e100: Copyright(c) 1999-2006 Intel Corporation
[    2.423891] e1000: Intel(R) PRO/1000 Network Driver - version 7.3.21-k8-NAPI
[    2.431525] e1000: Copyright (c) 1999-2006 Intel Corporation.
[    2.454208] PCI Interrupt Link [LNKC] enabled at IRQ 11
[    3.033996] ata1.00: ATA-7: QEMU HARDDISK, 2.5+, max UDMA/100
[    3.043962] ata1.00: 4612096 sectors, multi 16: LBA48 
[    3.420943] scsi 0:0:0:0: Direct-Access     ATA      QEMU HARDDISK    2.5+ PQ: 0 ANSI: 5
[    3.430942] scsi 0:0:0:0: Attached scsi generic sg0 type 0
[    3.438845] sd 0:0:0:0: [sda] 4612096 512-byte logical blocks: (2.36 GB/2.20 GiB)
[    3.517298] e1000 0000:00:03.0 eth0: (PCI:33MHz:32-bit) 52:54:00:12:34:56
[    3.525037] e1000 0000:00:03.0 eth0: Intel(R) PRO/1000 Network Connection
[    3.532974] e1000e: Intel(R) PRO/1000 Network Driver - 3.2.6-k
[    3.539929] e1000e: Copyright(c) 1999 - 2015 Intel Corporation.
[    3.546899] sky2: driver version 1.30
[    3.551817] sd 0:0:0:0: [sda] Write Protect is off
[    3.557483] ehci_hcd: USB 2.0 'Enhanced' Host Controller (EHCI) Driver
[    3.564949] ehci-pci: EHCI PCI platform driver
[    3.570180] ohci_hcd: USB 1.1 'Open' Host Controller (OHCI) Driver
[    3.577244] ohci-pci: OHCI PCI platform driver
[    3.582544] uhci_hcd: USB Universal Host Controller Interface driver
[    3.590539] usbcore: registered new interface driver usblp
[    3.597018] usbcore: registered new interface driver usb-storage
[    3.604250] i8042: PNP: PS/2 Controller [PNP0303:KBD,PNP0f13:MOU] at 0x60,0x64 irq 1,12
[    3.619933] serio: i8042 KBD port at 0x60,0x64 irq 1
[    3.625635] serio: i8042 AUX port at 0x60,0x64 irq 12
[    3.632633] rtc_cmos 00:00: RTC can wake from S4
[    3.642626] sd 0:0:0:0: [sda] Write cache: enabled, read cache: enabled, doesn't support DPO or FUA
[    3.655582] input: AT Translated Set 2 keyboard as /devices/platform/i8042/serio0/input/input1
[    3.673578] random: fast init done
[    3.689197] rtc_cmos 00:00: registered as rtc0
[    3.695334] rtc_cmos 00:00: alarms up to one day, y3k, 114 bytes nvram, hpet irqs
[    3.705267] device-mapper: ioctl: 4.41.0-ioctl (2019-09-16) initialised: dm-devel@redhat.com
[    3.715350] intel_pstate: CPU model not supported
[    3.720959] hidraw: raw HID events driver (C) Jiri Kosina
[    3.728362] usbcore: registered new interface driver usbhid
[    3.734734] usbhid: USB HID core driver
[    3.745992] Initializing XFRM netlink socket
[    3.752968] NET: Registered protocol family 10
[    3.761541] Segment Routing with IPv6
[    3.767095] sit: IPv6, IPv4 and MPLS over IPv4 tunneling driver
[    3.775066] NET: Registered protocol family 17
[    3.780686] Key type dns_resolver registered
[    3.788471] IPI shorthand broadcast: enabled
[    3.794932] sched_clock: Marking stable (3040755201, 753950331)->(4520401099, -725695567)
[    3.805552] registered taskstats version 1
[    3.810195] Loading compiled-in X.509 certificates
[    3.818995] PM:   Magic number: 13:115:459
[    3.824033] printk: console [netcon0] enabled
[    3.829484] netconsole: network logging started
[    3.835499] cfg80211: Loading compiled-in X.509 certificates for regulatory database
[    3.853492] cfg80211: Loaded X.509 cert 'sforshee: 00b28ddf47aef9cea7'
[    3.860932] ALSA device list:
[    3.864496]   No soundcards found.
[    3.871568] platform regulatory.0: Direct firmware load for regulatory.db failed with error -2
[    3.881031] cfg80211: failed to load regulatory.db
[    3.909211]  sda: sda1 sda14 sda15
[    3.915368] sd 0:0:0:0: [sda] Attached SCSI disk
[    4.349283] input: ImExPS/2 Generic Explorer Mouse as /devices/platform/i8042/serio1/input/input3
[    4.364571] md: Waiting for all devices to be available before autodetect
[    4.374441] md: If you don't use raid, use raid=noautodetect
[    4.383092] md: Autodetecting RAID arrays.
[    4.389037] md: autorun ...
[    4.393124] md: ... autorun DONE.
[    4.415411] EXT4-fs (sda1): mounted filesystem with ordered data mode. Opts: (null)
[    4.424164] VFS: Mounted root (ext4 filesystem) readonly on device 8:1.
[    4.433877] devtmpfs: mounted
[    4.448910] Freeing unused kernel image memory: 1388K
[    4.454814] Write protecting the kernel read-only data: 22528k
[    4.488383] Freeing unused kernel image memory: 2004K
[    4.520389] Freeing unused kernel image memory: 1992K
[    4.526629] Run /sbin/init as init process
SELinux:  Could not open policy file <= /etc/selinux/targeted/policy/policy.31:  No such file or directory
[    4.975619] systemd[1]: systemd 237 running in system mode. (+PAM +AUDIT +SELINUX +IMA +APPARMOR +SMACK +SYSVINIT +UTMP +LIBCRYPTSETUP +GCRYPT +GNUTLS +ACL +XZ +LZ4 +SECCOMP +BLKID +ELFUTILS +KMOD -IDN2 +IDN -PCRE2 default-hierarchy=hybrid)
[    5.002046] systemd[1]: Detected virtualization kvm.
[    5.011596] systemd[1]: Detected architecture x86-64.

Welcome to [1mUbuntu 18.04.5 LTS[0m!

[    5.034241] systemd[1]: Set hostname to <ubuntu>.
[    5.080549] snapd-env-gener (95) used greatest stack depth: 13760 bytes left
[    5.294276] systemd-cryptse (102) used greatest stack depth: 13616 bytes left
[    5.402047] systemd-fstab-g (104) used greatest stack depth: 13208 bytes left
[    5.456027] snapd-generator (101) used greatest stack depth: 13016 bytes left
[    5.906150] systemd[1]: File /lib/systemd/system/systemd-journald.service:36 configures an IP firewall (IPAddressDeny=any), but the local system does not support BPF/cgroup based firewalling.
[    5.927900] random: crng init done
[    5.932215] systemd[1]: Proceeding WITHOUT firewalling in effect! (This warning is only shown for the first loaded unit using IP firewalling.)
[    6.312618] systemd[1]: Created slice System Slice.
[[0;32m  OK  [0m] Created slice System Slice.
[    6.326945] systemd[1]: Listening on Device-mapper event daemon FIFOs.
[[0;32m  OK  [0m] Listening on Device-mapper event daemon FIFOs.
[    6.345197] systemd[1]: Listening on Syslog Socket.
[[0;32m  OK  [0m] Listening on Syslog Socket.
[    6.359365] systemd[1]: Reached target User and Group Name Lookups.
[[0;32m  OK  [0m] Reached target User and Group Name Lookups.
[[0;32m  OK  [0m] Listening on Journal Audit Socket.
[[0;32m  OK  [0m] Listening on LVM2 metadata daemon socket.
[[0;32m  OK  [0m] Listening on /dev/initctl Compatibility Named Pipe.
[[0;32m  OK  [0m] Set up automount Arbitrary Executabâ€¦rmats File System Automount Point.
[[0;32m  OK  [0m] Created slice User and Session Slice.
[[0;32m  OK  [0m] Listening on Network Service Netlink Socket.
[[0;32m  OK  [0m] Listening on udev Kernel Socket.
[[0;32m  OK  [0m] Listening on Journal Socket.
         Starting Set the console keyboard layout...
         Mounting POSIX Message Queue File System...
         Starting Create list of required stâ€¦ce nodes for the current kernel...
         Starting Monitoring of LVM2 mirrorsâ€¦ng dmeventd or progress polling...
         Starting Remount Root and Kernel File Systems...
[[0;32m  OK  [0m] Reached target Slices.
         Mounting Huge Pages File System...
[[0;32m  OK  [0m] Started Forward Password Requests to Wall Directory Watch.
[[0;32m  OK  [0m] Listening on udev Control Socket.
[[0;32m  OK  [0m] Created slice system-serial\x2dgetty.slice.
[[0;32m  OK  [0m] Listening on LVM2 poll daemon socket.
         Starting Uncomplicated firewall...
[[0;32m  OK  [0m] Listening on Journal Socket (/dev/log).
         Starting Load Kernel Modules...
[[0;32m  OK  [0m] Reached target Swap.
         Mounting Kernel Debug File System...
         Starting udev Coldplug all Devices...
         Starting Journal Service...
[[0;32m  OK  [0m] Mounted POSIX Message Queue File System.
[[0;32m  OK  [0m] Started Create list of required staâ€¦vice nodes for the current kernel.
[[0;32m  OK  [0m] Mounted Huge Pages File System.
[[0;32m  OK  [0m] Mounted Kernel Debug File System.
         Starting Create Static Device Nodes in /dev...
[[0;32m  OK  [0m] Started Journal Service.
[[0;32m  OK  [0m] Started Uncomplicated firewall.
[[0;32m  OK  [0m] Started udev Coldplug all Devices.
[[0;1;31mFAILED[0m] Failed to start Load Kernel Modules.
See 'systemctl status systemd-modules-load.service' for details.
         Starting Apply Kernel Variables...
[[0;32m  OK  [0m] Started LVM2 metadata daemon.
[[0;32m  OK  [0m] Started Apply Kernel Variables.
[[0;32m  OK  [0m] Started Create Static Device Nodes in /dev.
[[0;32m  OK  [0m] Started Set the console keyboard layout.
[[0;32m  OK  [0m] Started Remount Root and Kernel File Systems.
         Starting udev Kernel Device Manager...
         Starting Load/Save Random Seed...
         Starting Flush Journal to Persistent Storage...
[[0;32m  OK  [0m] Started Load/Save Random Seed.
[[0;32m  OK  [0m] Started Flush Journal to Persistent Storage.
[[0;32m  OK  [0m] Started udev Kernel Device Manager.
[[0;32m  OK  [0m] Started Dispatch Password Requests to Console Directory Watch.
[[0;32m  OK  [0m] Reached target Local Encrypted Volumes.
[[0;32m  OK  [0m] Found device /dev/ttyS0.
[[0;32m  OK  [0m] Listening on Load/Save RF Kill Switch Status /dev/rfkill Watch.
[[0;32m  OK  [0m] Found device QEMU_HARDDISK UEFI.
[[0;32m  OK  [0m] Started Monitoring of LVM2 mirrors,â€¦sing dmeventd or progress polling.
[[0;32m  OK  [0m] Reached target Local File Systems (Pre).
         Mounting /boot/efi...
[[0;32m  OK  [0m] Mounted /boot/efi.
[[0;32m  OK  [0m] Reached target Local File Systems.
         Starting Create Volatile Files and Directories...
         Starting ebtables ruleset management...
         Starting Tell Plymouth To Write Out Runtime Data...
         Starting Set console font and keymap...
[[0;32m  OK  [0m] Started Set console font and keymap.
[[0;32m  OK  [0m] Started Tell Plymouth To Write Out Runtime Data.
[[0;32m  OK  [0m] Started Create Volatile Files and Directories.
         Starting Update UTMP about System Boot/Shutdown...
         Starting Network Time Synchronization...
[[0;32m  OK  [0m] Started Update UTMP about System Boot/Shutdown.
[[0;32m  OK  [0m] Started Network Time Synchronization.
[[0;32m  OK  [0m] Reached target System Initialization.
[[0;32m  OK  [0m] Listening on ACPID Listen Socket.
[[0;32m  OK  [0m] Listening on D-Bus System Message Bus Socket.
[[0;32m  OK  [0m] Listening on UUID daemon activation socket.
         Starting LXD - unix socket.
[[0;32m  OK  [0m] Started ACPI Events Check.
[[0;32m  OK  [0m] Reached target Paths.
[[0;32m  OK  [0m] Started Daily Cleanup of Temporary Directories.
         Starting Socket activation for snappy daemon.
[[0;32m  OK  [0m] Listening on Open-iSCSI iscsid Socket.
[[0;32m  OK  [0m] Reached target System Time Synchronized.
[[0;32m  OK  [0m] Started Message of the Day.
[[0;32m  OK  [0m] Started Discard unused blocks once a week.
[[0;32m  OK  [0m] Started Daily apt download activities.
[[0;32m  OK  [0m] Started Daily apt upgrade and clean activities.
[[0;32m  OK  [0m] Reached target Timers.
[[0;32m  OK  [0m] Started ebtables ruleset management.
[[0;32m  OK  [0m] Listening on LXD - unix socket.
[[0;32m  OK  [0m] Listening on Socket activation for snappy daemon.
[[0;32m  OK  [0m] Reached target Sockets.
[[0;32m  OK  [0m] Reached target Basic System.
[[0;32m  OK  [0m] Started FUSE filesystem for LXC.
[[0;32m  OK  [0m] Started irqbalance daemon.
         Starting Accounts Service...
         Starting Login Service...
         Starting LSB: Record successful boot for GRUB...
[[0;32m  OK  [0m] Started Runs grader test script and notifies host on completion.
         Starting System Logging Service...
[[0;32m  OK  [0m] Started Deferred execution scheduler.
[[0;32m  OK  [0m] Started Regular background program processing daemon.
         Starting Dispatcher daemon for systemd-networkd...
[[0;32m  OK  [0m] Started D-Bus System Message Bus.
[[0;32m  OK  [0m] Started Login Service.
         Starting Snap Daemon...
         Starting LXD - container startup/shutdown...
[[0;32m  OK  [0m] Reached target Network (Pre).
         Starting Network Service...
[[0;1;31mFAILED[0m] Failed to start System Logging Service.
See 'systemctl status rsyslog.service' for details.
[[0;32m  OK  [0m] Stopped FUSE filesystem for LXC.
[[0;32m  OK  [0m] Started FUSE filesystem for LXC.
[[0;32m  OK  [0m] Stopped System Logging Service.
         Starting System Logging Service...
[[0;1;31mFAILED[0m] Failed to start System Logging Service.
See 'systemctl status rsyslog.service' for details.
[[0;32m  OK  [0m] Started Network Service.
         Starting Network Name Resolution...
         Starting Wait for Network to be Configured...
[[0;32m  OK  [0m] Stopped System Logging Service.
         Starting System Logging Service...
[[0;32m  OK  [0m] Stopped FUSE filesystem for LXC.
[[0;32m  OK  [0m] Started FUSE filesystem for LXC.
[[0;1;31mFAILED[0m] Failed to start System Logging Service.
See 'systemctl status rsyslog.service' for details.
[[0;32m  OK  [0m] Started Wait for Network to be Configured.
[[0;32m  OK  [0m] Started Network Name Resolution.
[[0;32m  OK  [0m] Stopped FUSE filesystem for LXC.
[[0;32m  OK  [0m] Started FUSE filesystem for LXC.
[[0;32m  OK  [0m] Stopped System Logging Service.
         Starting System Logging Service...
[[0;32m  OK  [0m] Reached target Host and Network Name Lookups.
[[0;32m  OK  [0m] Reached target Network.
[[0;32m  OK  [0m] Started Unattended Upgrades Shutdown.
[[0;32m  OK  [0m] Reached target Network is Online.
         Starting Pollinate to seed the pseudo random number generator...
         Starting Message of the Day...
         Starting Availability of block devices...
[[0;32m  OK  [0m] Reached target Remote File Systems (Pre).
[[0;32m  OK  [0m] Reached target Remote File Systems.
         Starting LSB: automatic crash report generation...
         Starting Permit User Sessions...
         Starting Daily apt download activities...
[[0;1;31mFAILED[0m] Failed to start System Logging Service.
See 'systemctl status rsyslog.service' for details.
[[0;32m  OK  [0m] Started LSB: Record successful boot for GRUB.
[[0;32m  OK  [0m] Stopped System Logging Service.
         Starting System Logging Service...
[[0;1;31mFAILED[0m] Failed to start System Logging Service.
See 'systemctl status rsyslog.service' for details.
[[0;32m  OK  [0m] Stopped FUSE filesystem for LXC.
[[0;32m  OK  [0m] Started FUSE filesystem for LXC.
[[0;32m  OK  [0m] Started Permit User Sessions.
         Starting Terminate Plymouth Boot Screen...
         Starting Hold until boot process finishes up...
[[0;32m  OK  [0m] Started Hold until boot process finishes up.
[[0;32m  OK  [0m] Started Serial Getty on ttyS0.
         Starting Set console scheme...
[[0;32m  OK  [0m] Started Terminate Plymouth Boot Screen.
[[0;32m  OK  [0m] Stopped System Logging Service.
[[0;1;31mFAILED[0m] Failed to start System Logging Service.
See 'systemctl status rsyslog.service' for details.
[[0;32m  OK  [0m] Started Set console scheme.
[[0;32m  OK  [0m] Created slice system-getty.slice.
[[0;32m  OK  [0m] Started Getty on tty1.
[[0;32m  OK  [0m] Reached target Login Prompts.
[[0;32m  OK  [0m] Stopped FUSE filesystem for LXC.
[[0;1;31mFAILED[0m] Failed to start FUSE filesystem for LXC.
See 'systemctl status lxcfs.service' for details.
[[0;32m  OK  [0m] Started Availability of block devices.
[[0;32m  OK  [0m] Started LSB: automatic crash report generation.
         Starting Authorization Manager...
[[0;32m  OK  [0m] Started Authorization Manager.
[[0;32m  OK  [0m] Started Accounts Service.
[[0;32m  OK  [0m] Started Dispatcher daemon for systemd-networkd.
[[0;32m  OK  [0m] Started Pollinate to seed the pseudo random number generator.
         Starting OpenBSD Secure Shell server...
[[0;32m  OK  [0m] Started OpenBSD Secure Shell server.

Ubuntu 18.04.5 LTS ubuntu ttyS0

ubuntu login: 